 gate_V32_2016a_Sim_sfun

 Timestamp is 59ef60c7 (Tue Oct 24 17:48:23 2017)

 Preferred load address is 0000000180000000

 Start         Length     Name                   Class
 0001:00000000 00035a34H .text                   CODE
 0001:00035a40 00000092H .text$x                 CODE
 0002:00000000 000004a0H .idata$5                DATA
 0002:000004a0 00000008H .CRT$XCA                DATA
 0002:000004a8 00000008H .CRT$XCZ                DATA
 0002:000004b0 00000008H .CRT$XIA                DATA
 0002:000004b8 00000008H .CRT$XIAA               DATA
 0002:000004c0 00000008H .CRT$XIZ                DATA
 0002:000004d0 0000068cH .rdata                  DATA
 0002:00000b60 00000008H .rtc$IAA                DATA
 0002:00000b68 00000008H .rtc$IZZ                DATA
 0002:00000b70 00000008H .rtc$TAA                DATA
 0002:00000b78 00000008H .rtc$TZZ                DATA
 0002:00000b80 00000820H .xdata                  DATA
 0002:000013a0 00000078H .idata$2                DATA
 0002:00001418 00000014H .idata$3                DATA
 0002:00001430 000004a0H .idata$4                DATA
 0002:000018d0 00000d46H .idata$6                DATA
 0002:00002620 0000005dH .edata                  DATA
 0003:00000000 00003c98H .data                   DATA
 0003:00003ca0 00000898H .bss                    DATA
 0004:00000000 00000a20H .pdata                  DATA

  Address         Publics by Value              Rva+Base               Lib:Object

 0000:00000000       ___safe_se_handler_count   0000000000000000     <absolute>
 0000:00000000       ___safe_se_handler_table   0000000000000000     <absolute>
 0000:00000000       __ImageBase                0000000180000000     <linker-defined>
 0001:00000000       gate_V32_2016a_Sim_initializer 0000000180001000 f   gate_V32_2016a_Sim_sfun.obj
 0001:00000010       gate_V32_2016a_Sim_terminator 0000000180001010 f   gate_V32_2016a_Sim_sfun.obj
 0001:00000020       sf_gate_V32_2016a_Sim_method_dispatcher 0000000180001020 f   gate_V32_2016a_Sim_sfun.obj
 0001:00000070       sf_gate_V32_2016a_Sim_process_check_sum_call 0000000180001070 f   gate_V32_2016a_Sim_sfun.obj
 0001:00000400       sf_gate_V32_2016a_Sim_autoinheritance_info 0000000180001400 f   gate_V32_2016a_Sim_sfun.obj
 0001:00000570       sf_gate_V32_2016a_Sim_get_eml_resolved_functions_info 0000000180001570 f   gate_V32_2016a_Sim_sfun.obj
 0001:000006a0       sf_gate_V32_2016a_Sim_third_party_uses_info 00000001800016a0 f   gate_V32_2016a_Sim_sfun.obj
 0001:000007f0       sf_gate_V32_2016a_Sim_jit_fallback_info 00000001800017f0 f   gate_V32_2016a_Sim_sfun.obj
 0001:00000940       sf_gate_V32_2016a_Sim_updateBuildInfo_args_info 0000000180001940 f   gate_V32_2016a_Sim_sfun.obj
 0001:00000a90       gate_V32_2016a_Sim_debug_initialize 0000000180001a90 f   gate_V32_2016a_Sim_sfun.obj
 0001:00000b10       gate_V32_2016a_Sim_register_exported_symbols 0000000180001b10 f   gate_V32_2016a_Sim_sfun.obj
 0001:00000b20       load_gate_V32_2016a_Sim_optimization_info 0000000180001b20 f   gate_V32_2016a_Sim_sfun.obj
 0001:00000bd0       unload_gate_V32_2016a_Sim_optimization_info 0000000180001bd0 f   gate_V32_2016a_Sim_sfun.obj
 0001:00000c00       sf_c20_gate_V32_2016a_Sim_get_eml_resolved_functions_info 0000000180001c00 f   c20_gate_V32_2016a_Sim.obj
 0001:00000c80       sf_c20_gate_V32_2016a_Sim_get_check_sum 0000000180001c80 f   c20_gate_V32_2016a_Sim.obj
 0001:00000d00       sf_c20_gate_V32_2016a_Sim_get_autoinheritance_info 0000000180001d00 f   c20_gate_V32_2016a_Sim.obj
 0001:00003710       sf_c20_gate_V32_2016a_Sim_third_party_uses_info 0000000180004710 f   c20_gate_V32_2016a_Sim.obj
 0001:00003740       sf_c20_gate_V32_2016a_Sim_jit_fallback_info 0000000180004740 f   c20_gate_V32_2016a_Sim.obj
 0001:00003880       sf_c20_gate_V32_2016a_Sim_updateBuildInfo_args_info 0000000180004880 f   c20_gate_V32_2016a_Sim.obj
 0001:000038b0       sf_c20_gate_V32_2016a_Sim_get_post_codegen_info 00000001800048b0 f   c20_gate_V32_2016a_Sim.obj
 0001:00003980       c20_gate_V32_2016a_Sim_method_dispatcher 0000000180004980 f   c20_gate_V32_2016a_Sim.obj
 0001:0002d910       sf_process_check_sum_call  000000018002e910 f   gate_V32_2016a_Sim_sfun_registry.obj
 0001:0002d960       sf_process_autoinheritance_call 000000018002e960 f   gate_V32_2016a_Sim_sfun_registry.obj
 0001:0002db00       sf_process_get_third_party_uses_info_call 000000018002eb00 f   gate_V32_2016a_Sim_sfun_registry.obj
 0001:0002dca0       sf_process_get_jit_fallback_info_call 000000018002eca0 f   gate_V32_2016a_Sim_sfun_registry.obj
 0001:0002de40       sf_process_get_updateBuildInfo_args_info_call 000000018002ee40 f   gate_V32_2016a_Sim_sfun_registry.obj
 0001:0002dfe0       sf_process_get_eml_resolved_functions_info_call 000000018002efe0 f   gate_V32_2016a_Sim_sfun_registry.obj
 0001:0002e160       sf_mex_unlock_call         000000018002f160 f   gate_V32_2016a_Sim_sfun_registry.obj
 0001:0002e210       sf_machine_global_initializer_called 000000018002f210 f   gate_V32_2016a_Sim_sfun_registry.obj
 0001:0002e240       sf_machine_global_method_dispatcher 000000018002f240 f   gate_V32_2016a_Sim_sfun_registry.obj
 0001:0002e2a0       sf_machine_global_terminator 000000018002f2a0 f   gate_V32_2016a_Sim_sfun_registry.obj
 0001:0002e2f0       sf_register_machine_exported_symbols 000000018002f2f0 f   gate_V32_2016a_Sim_sfun_registry.obj
 0001:0002e310       callCustomFcn              000000018002f310 f   gate_V32_2016a_Sim_sfun_registry.obj
 0001:0002e320       sf_machine_global_initializer 000000018002f320 f   gate_V32_2016a_Sim_sfun_registry.obj
 0001:0002e3a0       mdlGetSimState             000000018002f3a0 f   gate_V32_2016a_Sim_sfun_registry.obj
 0001:0002e3e0       mdlSetSimState             000000018002f3e0 f   gate_V32_2016a_Sim_sfun_registry.obj
 0001:0002e420       _ssSetStateAbsTol          000000018002f420 f   gate_V32_2016a_Sim_sfun_registry.obj
 0001:0002e500       _ssGetAbsTol               000000018002f500 f   gate_V32_2016a_Sim_sfun_registry.obj
 0001:0002e570       _ssSetInputPortMatrixDimensions 000000018002f570 f   gate_V32_2016a_Sim_sfun_registry.obj
 0001:0002e680       _ssSetOutputPortMatrixDimensions 000000018002f680 f   gate_V32_2016a_Sim_sfun_registry.obj
 0001:0002e790       _ssSetInputPortVectorDimension 000000018002f790 f   gate_V32_2016a_Sim_sfun_registry.obj
 0001:0002e860       _ssSetOutputPortVectorDimension 000000018002f860 f   gate_V32_2016a_Sim_sfun_registry.obj
 0001:0002e930       _ssSetSymbolicDimsSupport  000000018002f930 f   gate_V32_2016a_Sim_sfun_registry.obj
 0001:0002e9a0       _ssRegisterSymbolicDimsExpr 000000018002f9a0 f   gate_V32_2016a_Sim_sfun_registry.obj
 0001:0002ea20       _ssRegisterSymbolicDims    000000018002fa20 f   gate_V32_2016a_Sim_sfun_registry.obj
 0001:0002eac0       _ssRegisterSymbolicDimsString 000000018002fac0 f   gate_V32_2016a_Sim_sfun_registry.obj
 0001:0002eb40       _ssRegisterSymbolicDimsIntValue 000000018002fb40 f   gate_V32_2016a_Sim_sfun_registry.obj
 0001:0002ebb0       _ssRegisterSymbolicDimsPlus 000000018002fbb0 f   gate_V32_2016a_Sim_sfun_registry.obj
 0001:0002ec30       _ssRegisterSymbolicDimsMinus 000000018002fc30 f   gate_V32_2016a_Sim_sfun_registry.obj
 0001:0002ecb0       _ssRegisterSymbolicDimsMultiply 000000018002fcb0 f   gate_V32_2016a_Sim_sfun_registry.obj
 0001:0002ed30       _ssRegisterSymbolicDimsDivide 000000018002fd30 f   gate_V32_2016a_Sim_sfun_registry.obj
 0001:0002edb0       _ssGetNumSymbolicDims      000000018002fdb0 f   gate_V32_2016a_Sim_sfun_registry.obj
 0001:0002ee20       _ssGetSymbolicDim          000000018002fe20 f   gate_V32_2016a_Sim_sfun_registry.obj
 0001:0002eea0       _ssSetInputPortSymbolicDimsId 000000018002fea0 f   gate_V32_2016a_Sim_sfun_registry.obj
 0001:0002ef10       _ssGetCompInputPortSymbolicDimsId 000000018002ff10 f   gate_V32_2016a_Sim_sfun_registry.obj
 0001:0002ef80       _ssSetCompInputPortSymbolicDimsId 000000018002ff80 f   gate_V32_2016a_Sim_sfun_registry.obj
 0001:0002eff0       _ssSetOutputPortSymbolicDimsId 000000018002fff0 f   gate_V32_2016a_Sim_sfun_registry.obj
 0001:0002f060       _ssGetCompOutputPortSymbolicDimsId 0000000180030060 f   gate_V32_2016a_Sim_sfun_registry.obj
 0001:0002f0d0       _ssSetCompOutputPortSymbolicDimsId 00000001800300d0 f   gate_V32_2016a_Sim_sfun_registry.obj
 0001:0002f140       _ssSetCompDWorkSymbolicDimsId 0000000180030140 f   gate_V32_2016a_Sim_sfun_registry.obj
 0001:0002f1b0       ssIsRunTimeParamTunable    00000001800301b0 f   gate_V32_2016a_Sim_sfun_registry.obj
 0001:0002f220       ssGetSFuncBlockHandle      0000000180030220 f   gate_V32_2016a_Sim_sfun_registry.obj
 0001:0002f290       _ssGetCurrentInputPortWidth 0000000180030290 f   gate_V32_2016a_Sim_sfun_registry.obj
 0001:0002f3b0       _ssGetCurrentOutputPortWidth 00000001800303b0 f   gate_V32_2016a_Sim_sfun_registry.obj
 0001:0002f4d0       _ssGetCallSystemNumFcnCallDestinations 00000001800304d0 f   gate_V32_2016a_Sim_sfun_registry.obj
 0001:0002f540       ssGetParameterTuningCompliance 0000000180030540 f   gate_V32_2016a_Sim_sfun_registry.obj
 0001:0002f5b0       ssWarning                  00000001800305b0 f   gate_V32_2016a_Sim_sfun_registry.obj
 0001:0002f6c0       ssGetIsZeroCrossControlDisabled 00000001800306c0 f   gate_V32_2016a_Sim_sfun_registry.obj
 0001:0002f730       ssSetIsInputPortUsedForContZcSignal 0000000180030730 f   gate_V32_2016a_Sim_sfun_registry.obj
 0001:0002f7a0       ssSetZcSignalIsZcElementDisc 00000001800307a0 f   gate_V32_2016a_Sim_sfun_registry.obj
 0001:0002f850       ssSetZcSignalName          0000000180030850 f   gate_V32_2016a_Sim_sfun_registry.obj
 0001:0002f8c0       ssSetZcSignalWidth         00000001800308c0 f   gate_V32_2016a_Sim_sfun_registry.obj
 0001:0002f930       ssSetZcSignalZcEventType   0000000180030930 f   gate_V32_2016a_Sim_sfun_registry.obj
 0001:0002f9a0       ssSetZcSignalType          00000001800309a0 f   gate_V32_2016a_Sim_sfun_registry.obj
 0001:0002fa10       ssSetZcSignalZcTol         0000000180030a10 f   gate_V32_2016a_Sim_sfun_registry.obj
 0001:0002fa80       ssSetZcSignalNeedsEventNotification 0000000180030a80 f   gate_V32_2016a_Sim_sfun_registry.obj
 0001:0002faf0       ssCreateAndAddZcSignalInfo 0000000180030af0 f   gate_V32_2016a_Sim_sfun_registry.obj
 0001:0002fb60       ssCloneAndAddZcSignalInfo  0000000180030b60 f   gate_V32_2016a_Sim_sfun_registry.obj
 0001:0002fbd0       ssGetNumZcSignals          0000000180030bd0 f   gate_V32_2016a_Sim_sfun_registry.obj
 0001:0002fc40       ssGetZcSignalVector        0000000180030c40 f   gate_V32_2016a_Sim_sfun_registry.obj
 0001:0002fcb0       ssGetZcSignalZcEvents      0000000180030cb0 f   gate_V32_2016a_Sim_sfun_registry.obj
 0001:0002fd20       ssGetZcSignalName          0000000180030d20 f   gate_V32_2016a_Sim_sfun_registry.obj
 0001:0002fd90       ssGetZcSignalWidth         0000000180030d90 f   gate_V32_2016a_Sim_sfun_registry.obj
 0001:0002fe00       ssGetZcSignalZcEventType   0000000180030e00 f   gate_V32_2016a_Sim_sfun_registry.obj
 0001:0002fe70       ssGetZcSignalType          0000000180030e70 f   gate_V32_2016a_Sim_sfun_registry.obj
 0001:0002fee0       ssGetZcSignalZcTol         0000000180030ee0 f   gate_V32_2016a_Sim_sfun_registry.obj
 0001:0002ff60       ssGetZcSignalNeedsEventNotification 0000000180030f60 f   gate_V32_2016a_Sim_sfun_registry.obj
 0001:0002ffd0       ssGetZcSignalIsZcElementDisc 0000000180030fd0 f   gate_V32_2016a_Sim_sfun_registry.obj
 0001:00030070       ssGetIsInputPortElementContinuous 0000000180031070 f   gate_V32_2016a_Sim_sfun_registry.obj
 0001:00030110       _ssGetInputPortSignalPtrsFcn 0000000180031110 f   gate_V32_2016a_Sim_sfun_registry.obj
 0001:00030490       _ssGetInputPortSignalFcn   0000000180031490 f   gate_V32_2016a_Sim_sfun_registry.obj
 0001:00030770       _ssSetInputPortDirectFeedThroughFcn 0000000180031770 f   gate_V32_2016a_Sim_sfun_registry.obj
 0001:00030920       _ssSetInputPortReusableFcn 0000000180031920 f   gate_V32_2016a_Sim_sfun_registry.obj
 0001:00030a10       _ssSetOutputPortReusableFcn 0000000180031a10 f   gate_V32_2016a_Sim_sfun_registry.obj
 0001:00030af0       ssGetDTypeIdFromMxArray    0000000180031af0 f   gate_V32_2016a_Sim_sfun_registry.obj
 0001:00030c10       ssWriteRTWStr              0000000180031c10 f   gate_V32_2016a_Sim_sfun_registry.obj
 0001:00030c70       ssWriteRTWMxVectParam      0000000180031c70 f   gate_V32_2016a_Sim_sfun_registry.obj
 0001:00030cd0       ssWriteRTWMx2dMatParam     0000000180031cd0 f   gate_V32_2016a_Sim_sfun_registry.obj
 0001:00030d50       ssWriteRTWNameValuePair    0000000180031d50 f   gate_V32_2016a_Sim_sfun_registry.obj
 0001:00031240       ssWriteRTWParameters       0000000180032240 f   gate_V32_2016a_Sim_sfun_registry.obj
 0001:00031840       ssWriteRTWParamSettings    0000000180032840 f   gate_V32_2016a_Sim_sfun_registry.obj
 0001:00031f10       ssWriteRTWWorkVect         0000000180032f10 f   gate_V32_2016a_Sim_sfun_registry.obj
 0001:00032410       mexFunction                0000000180033410 f   gate_V32_2016a_Sim_sfun_registry.obj
 0001:00034c20       ProcessMexSfunctionEveryCall 0000000180035c20 f   gate_V32_2016a_Sim_sfun_registry.obj
 0001:00034db6       sf_debug_set_machine_data_thresholds 0000000180035db6 f   sf_runtime:sf_runtime.dll
 0001:00034dbc       sf_debug_set_machine_event_thresholds 0000000180035dbc f   sf_runtime:sf_runtime.dll
 0001:00034dc2       sf_debug_initialize_machine 0000000180035dc2 f   sf_runtime:sf_runtime.dll
 0001:00034dc8       sf_load_rtw_optimization_info 0000000180035dc8 f   sf_runtime:sf_runtime.dll
 0001:00034dce       sf_mex_assign              0000000180035dce f   sf_runtime:sf_runtime.dll
 0001:00034dd4       sf_mex_create              0000000180035dd4 f   sf_runtime:sf_runtime.dll
 0001:00034dda       sf_mex_error_message       0000000180035dda f   sf_runtime:sf_runtime.dll
 0001:00034de0       sf_get_chart_instance_ptr  0000000180035de0 f   sf_runtime:sf_runtime.dll
 0001:00034de6       sf_set_rtw_dwork_info      0000000180035de6 f   sf_runtime:sf_runtime.dll
 0001:00034dec       sf_mark_chart_reusable_outputs 0000000180035dec f   sf_runtime:sf_runtime.dll
 0001:00034df2       sf_mark_chart_expressionable_inputs 0000000180035df2 f   sf_runtime:sf_runtime.dll
 0001:00034df8       sf_update_buildInfo        0000000180035df8 f   sf_runtime:sf_runtime.dll
 0001:00034dfe       sf_set_chart_accesses_machine_info 0000000180035dfe f   sf_runtime:sf_runtime.dll
 0001:00034e04       sf_rtw_info_uint_prop      0000000180035e04 f   sf_runtime:sf_runtime.dll
 0001:00034e0a       sf_is_chart_inlinable      0000000180035e0a f   sf_runtime:sf_runtime.dll
 0001:00034e10       sim_mode_is_modelref_sim   0000000180035e10 f   sf_runtime:sf_runtime.dll
 0001:00034e16       sim_mode_is_external       0000000180035e16 f   sf_runtime:sf_runtime.dll
 0001:00034e1c       sim_mode_is_rtw_gen        0000000180035e1c f   sf_runtime:sf_runtime.dll
 0001:00034e22       sf_init_ChartRunTimeInfo   0000000180035e22 f   sf_runtime:sf_runtime.dll
 0001:00034e28       ssGetOutputPortSignal_wrapper 0000000180035e28 f   sf_runtime:sf_runtime.dll
 0001:00034e2e       ssGetInputPortSignal_wrapper 0000000180035e2e f   sf_runtime:sf_runtime.dll
 0001:00034e34       sf_mex_decode_encoded_mx_struct_array 0000000180035e34 f   sf_runtime:sf_runtime.dll
 0001:00034e3a       sf_debug_reset_current_state_configuration 0000000180035e3a f   sf_runtime:sf_runtime.dll
 0001:00034e40       sf_debug_set_chart_data_compiled_props 0000000180035e40 f   sf_runtime:sf_runtime.dll
 0001:00034e46       sf_debug_cv_init_relationalop 0000000180035e46 f   sf_runtime:sf_runtime.dll
 0001:00034e4c       sf_debug_cv_init_trans     0000000180035e4c f   sf_runtime:sf_runtime.dll
 0001:00034e52       sf_debug_cv_init_saturation 0000000180035e52 f   sf_runtime:sf_runtime.dll
 0001:00034e58       sf_debug_cv_init_state     0000000180035e58 f   sf_runtime:sf_runtime.dll
 0001:00034e5e       sf_debug_cv_init_chart     0000000180035e5e f   sf_runtime:sf_runtime.dll
 0001:00034e64       sf_debug_set_chart_state_substate_index 0000000180035e64 f   sf_runtime:sf_runtime.dll
 0001:00034e6a       sf_debug_set_chart_state_substate_count 0000000180035e6a f   sf_runtime:sf_runtime.dll
 0001:00034e70       sf_debug_set_chart_substate_index 0000000180035e70 f   sf_runtime:sf_runtime.dll
 0001:00034e76       sf_debug_set_chart_decomposition 0000000180035e76 f   sf_runtime:sf_runtime.dll
 0001:00034e7c       sf_debug_set_chart_substate_count 0000000180035e7c f   sf_runtime:sf_runtime.dll
 0001:00034e82       sf_debug_set_chart_state_info 0000000180035e82 f   sf_runtime:sf_runtime.dll
 0001:00034e88       sf_debug_set_chart_data_props 0000000180035e88 f   sf_runtime:sf_runtime.dll
 0001:00034e8e       sf_debug_set_chart_event_thresholds 0000000180035e8e f   sf_runtime:sf_runtime.dll
 0001:00034e94       sf_debug_set_chart_disable_implicit_casting 0000000180035e94 f   sf_runtime:sf_runtime.dll
 0001:00034e9a       sf_debug_initialize_chart  0000000180035e9a f   sf_runtime:sf_runtime.dll
 0001:00034ea0       sf_mex_destroy             0000000180035ea0 f   sf_runtime:sf_runtime.dll
 0001:00034ea6       sf_mex_dup                 0000000180035ea6 f   sf_runtime:sf_runtime.dll
 0001:00034eac       sf_mex_import              0000000180035eac f   sf_runtime:sf_runtime.dll
 0001:00034eb2       sf_get_output_port_reusable 0000000180035eb2 f   sf_runtime:sf_runtime.dll
 0001:00034eb8       sf_debug_data_range_wrapper 0000000180035eb8 f   sf_runtime:sf_runtime.dll
 0001:00034ebe       sf_get_time                0000000180035ebe f   sf_runtime:sf_runtime.dll
 0001:00034ec4       sf_is_first_init_cond      0000000180035ec4 f   sf_runtime:sf_runtime.dll
 0001:00034eca       sf_debug_set_instance_data_value_ptr 0000000180035eca f   sf_runtime:sf_runtime.dll
 0001:00034ed0       sf_debug_check_for_state_inconsistency 0000000180035ed0 f   sf_runtime:sf_runtime.dll
 0001:00034ed6       sf_debug_symbol_scope_pop  0000000180035ed6 f   sf_runtime:sf_runtime.dll
 0001:00034edc       sf_debug_call              0000000180035edc f   sf_runtime:sf_runtime.dll
 0001:00034ee2       sf_debug_symbol_scope_push 0000000180035ee2 f   sf_runtime:sf_runtime.dll
 0001:00034ee8       cv_eval_relational         0000000180035ee8 f   sf_runtime:sf_runtime.dll
 0001:00034eee       cv_eval_point              0000000180035eee f   sf_runtime:sf_runtime.dll
 0001:00034ef4       cv_eval_saturation         0000000180035ef4 f   sf_runtime:sf_runtime.dll
 0001:00034efa       sf_array_bounds_check      0000000180035efa f   sf_runtime:sf_runtime.dll
 0001:00034f00       sf_mex_setcell             0000000180035f00 f   sf_runtime:sf_runtime.dll
 0001:00034f06       sf_mex_createcellmatrix    0000000180035f06 f   sf_runtime:sf_runtime.dll
 0001:00034f0c       sf_mex_getcell             0000000180035f0c f   sf_runtime:sf_runtime.dll
 0001:00034f12       sf_debug_animate           0000000180035f12 f   sf_runtime:sf_runtime.dll
 0001:00034f18       sf_debug_set_honor_breakpoints 0000000180035f18 f   sf_runtime:sf_runtime.dll
 0001:00034f1e       sf_debug_set_animation     0000000180035f1e f   sf_runtime:sf_runtime.dll
 0001:00034f24       sf_debug_get_animation     0000000180035f24 f   sf_runtime:sf_runtime.dll
 0001:00034f2a       sf_mex_duplicatearraysafe  0000000180035f2a f   sf_runtime:sf_runtime.dll
 0001:00034f30       sf_free_ChartRunTimeInfo   0000000180035f30 f   sf_runtime:sf_runtime.dll
 0001:00034f36       sf_clear_rtw_identifier    0000000180035f36 f   sf_runtime:sf_runtime.dll
 0001:00034f3c       sf_debug_terminate         0000000180035f3c f   sf_runtime:sf_runtime.dll
 0001:00034f42       sf_debug_create_debug_instance_struct 0000000180035f42 f   sf_runtime:sf_runtime.dll
 0001:00034f48       sf_get_ChartInfoStruct_CodeGen 0000000180035f48 f   sf_runtime:sf_runtime.dll
 0001:00034f4e       sf_debug_api               0000000180035f4e f   sf_runtime:sf_runtime.dll
 0001:00034f54       callMdlMethodAndReportError 0000000180035f54 f   sf_runtime:sf_runtime.dll
 0001:00034f5a       sf_set_compiledInfo        0000000180035f5a f   sf_runtime:sf_runtime.dll
 0001:00034f60       call_sf_machine_global_method_dispatcher 0000000180035f60 f   sf_runtime:sf_runtime.dll
 0001:00034f66       sf_clear_error_manager_info 0000000180035f66 f   sf_runtime:sf_runtime.dll
 0001:00034f6c       sf_mex_error_direct_call   0000000180035f6c f   sf_runtime:sf_runtime.dll
 0001:00034f72       sf_get_isEnhancedMooreMachine 0000000180035f72 f   sf_runtime:sf_runtime.dll
 0001:00034f78       mxGetScalar                0000000180035f78 f   libmx:libmx.dll
 0001:00034f7e       mxGetPr                    0000000180035f7e f   libmx:libmx.dll
 0001:00034f84       mxCreateDoubleMatrix_730   0000000180035f84 f   libmx:libmx.dll
 0001:00034f8a       mxGetString_730            0000000180035f8a f   libmx:libmx.dll
 0001:00034f90       mxIsChar                   0000000180035f90 f   libmx:libmx.dll
 0001:00034f96       mxDestroyArray             0000000180035f96 f   libmx:libmx.dll
 0001:00034f9c       mxDuplicateArray           0000000180035f9c f   libmx:libmx.dll
 0001:00034fa2       mxCreateDoubleScalar       0000000180035fa2 f   libmx:libmx.dll
 0001:00034fa8       mxSetField_730             0000000180035fa8 f   libmx:libmx.dll
 0001:00034fae       mxCreateString             0000000180035fae f   libmx:libmx.dll
 0001:00034fb4       mxCreateStructMatrix_730   0000000180035fb4 f   libmx:libmx.dll
 0001:00034fba       mxCreateCellMatrix_730     0000000180035fba f   libmx:libmx.dll
 0001:00034fc0       mxCreateCellArray_730      0000000180035fc0 f   libmx:libmx.dll
 0001:00034fc6       mxCreateStructArray_730    0000000180035fc6 f   libmx:libmx.dll
 0001:00034fcc       mxGetClassID               0000000180035fcc f   libmx:libmx.dll
 0001:00034fd2       mxIsNumeric                0000000180035fd2 f   libmx:libmx.dll
 0001:00034fd8       mxIsComplex                0000000180035fd8 f   libmx:libmx.dll
 0001:00034fde       mxGetN                     0000000180035fde f   libmx:libmx.dll
 0001:00034fe4       mxGetM                     0000000180035fe4 f   libmx:libmx.dll
 0001:00034fea       mxCalloc                   0000000180035fea f   libmx:libmx.dll
 0001:00034ff0       mexMakeArrayPersistent     0000000180035ff0 f   libmex:libmex.dll
 0001:00034ff6       mexUnlock                  0000000180035ff6 f   libmex:libmex.dll
 0001:00034ffc       mexIsLocked                0000000180035ffc f   libmex:libmex.dll
 0001:00035002       mexWarnMsgTxt              0000000180036002 f   libmex:libmex.dll
 0001:00035008       mexCallMATLABWithObject    0000000180036008 f   libmex:libmex.dll
 0001:0003500e       mexErrMsgTxt               000000018003600e f   libmex:libmex.dll
 0001:00035014       mexLock                    0000000180036014 f   libmex:libmex.dll
 0001:0003501a       utMalloc                   000000018003601a f   libut:libut.dll
 0001:00035020       utFree                     0000000180036020 f   libut:libut.dll
 0001:00035028       __GSHandlerCheckCommon     0000000180036028 f   MSVCRT:gshandler.obj
 0001:0003508c       __GSHandlerCheck           000000018003608c f   MSVCRT:gshandler.obj
 0001:000350aa       strcmp                     00000001800360aa f   MSVCRT:MSVCR100.dll
 0001:000350c0       __security_check_cookie    00000001800360c0 f   MSVCRT:amdsecgs.obj
 0001:000350e0       memset                     00000001800360e0 f   MSVCRT:MSVCR100.dll
 0001:000350e6       free                       00000001800360e6 f   MSVCRT:MSVCR100.dll
 0001:000350ec       sprintf                    00000001800360ec f   MSVCRT:MSVCR100.dll
 0001:000350f2       malloc                     00000001800360f2 f   MSVCRT:MSVCR100.dll
 0001:000350f8       strlen                     00000001800360f8 f   MSVCRT:MSVCR100.dll
 0001:000350fe       strcat                     00000001800360fe f   MSVCRT:MSVCR100.dll
 0001:00035104       memcpy                     0000000180036104 f   MSVCRT:MSVCR100.dll
 0001:0003510c       NtCurrentTeb               000000018003610c f i MSVCRT:crtdll.obj
 0001:00035178       _CRT_INIT                  0000000180036178 f   MSVCRT:crtdll.obj
 0001:00035510       _DllMainCRTStartup         0000000180036510 f   MSVCRT:crtdll.obj
 0001:00035550       __report_gsfailure         0000000180036550 f   MSVCRT:gs_report.obj
 0001:0003569c       __clean_type_info_names    000000018003669c f   MSVCRT:tncleanup.obj
 0001:000356a8       _onexit                    00000001800366a8 f   MSVCRT:atonexit.obj
 0001:00035758       atexit                     0000000180036758 f   MSVCRT:atonexit.obj
 0001:00035770       _RTC_Initialize            0000000180036770 f   MSVCRT:_initsect_.obj
 0001:000357a8       _RTC_Terminate             00000001800367a8 f   MSVCRT:_initsect_.obj
 0001:000357e0       _malloc_crt                00000001800367e0 f   MSVCRT:MSVCR100.dll
 0001:000357f0       _ValidateImageBase         00000001800367f0 f   MSVCRT:pesect.obj
 0001:00035820       _FindPESection             0000000180036820 f   MSVCRT:pesect.obj
 0001:00035870       _IsNonwritableInCurrentImage 0000000180036870 f   MSVCRT:pesect.obj
 0001:000358b2       _initterm                  00000001800368b2 f   MSVCRT:MSVCR100.dll
 0001:000358b8       _initterm_e                00000001800368b8 f   MSVCRT:MSVCR100.dll
 0001:000358be       _encoded_null              00000001800368be f   MSVCRT:MSVCR100.dll
 0001:000358c4       _amsg_exit                 00000001800368c4 f   MSVCRT:MSVCR100.dll
 0001:000358ca       __C_specific_handler       00000001800368ca f   MSVCRT:MSVCR100.dll
 0001:000358d0       __CppXcptFilter            00000001800368d0 f   MSVCRT:MSVCR100.dll
 0001:000358d8       DllMain                    00000001800368d8 f   MSVCRT:dllmain.obj
 0001:000358fc       __security_init_cookie     00000001800368fc f   MSVCRT:gs_support.obj
 0001:000359b0       __crt_debugger_hook        00000001800369b0 f   MSVCRT:MSVCR100.dll
 0001:000359b6       __clean_type_info_names_internal 00000001800369b6 f   MSVCRT:MSVCR100.dll
 0001:000359bc       _unlock                    00000001800369bc f   MSVCRT:MSVCR100.dll
 0001:000359c2       __dllonexit                00000001800369c2 f   MSVCRT:MSVCR100.dll
 0001:000359c8       _lock                      00000001800369c8 f   MSVCRT:MSVCR100.dll
 0001:000359ce       EncodePointer              00000001800369ce f   kernel32:KERNEL32.dll
 0001:000359d4       DecodePointer              00000001800369d4 f   kernel32:KERNEL32.dll
 0001:000359da       Sleep                      00000001800369da f   kernel32:KERNEL32.dll
 0001:000359e0       TerminateProcess           00000001800369e0 f   kernel32:KERNEL32.dll
 0001:000359e6       GetCurrentProcess          00000001800369e6 f   kernel32:KERNEL32.dll
 0001:000359ec       UnhandledExceptionFilter   00000001800369ec f   kernel32:KERNEL32.dll
 0001:000359f2       SetUnhandledExceptionFilter 00000001800369f2 f   kernel32:KERNEL32.dll
 0001:000359f8       IsDebuggerPresent          00000001800369f8 f   kernel32:KERNEL32.dll
 0001:000359fe       RtlVirtualUnwind           00000001800369fe f   kernel32:KERNEL32.dll
 0001:00035a04       RtlLookupFunctionEntry     0000000180036a04 f   kernel32:KERNEL32.dll
 0001:00035a0a       RtlCaptureContext          0000000180036a0a f   kernel32:KERNEL32.dll
 0001:00035a10       DisableThreadLibraryCalls  0000000180036a10 f   kernel32:KERNEL32.dll
 0001:00035a16       QueryPerformanceCounter    0000000180036a16 f   kernel32:KERNEL32.dll
 0001:00035a1c       GetTickCount               0000000180036a1c f   kernel32:KERNEL32.dll
 0001:00035a22       GetCurrentThreadId         0000000180036a22 f   kernel32:KERNEL32.dll
 0001:00035a28       GetCurrentProcessId        0000000180036a28 f   kernel32:KERNEL32.dll
 0001:00035a2e       GetSystemTimeAsFileTime    0000000180036a2e f   kernel32:KERNEL32.dll
 0002:00000000       __imp_GetCurrentProcessId  0000000180037000     kernel32:KERNEL32.dll
 0002:00000008       __imp_GetCurrentThreadId   0000000180037008     kernel32:KERNEL32.dll
 0002:00000010       __imp_GetTickCount         0000000180037010     kernel32:KERNEL32.dll
 0002:00000018       __imp_QueryPerformanceCounter 0000000180037018     kernel32:KERNEL32.dll
 0002:00000020       __imp_DisableThreadLibraryCalls 0000000180037020     kernel32:KERNEL32.dll
 0002:00000028       __imp_RtlCaptureContext    0000000180037028     kernel32:KERNEL32.dll
 0002:00000030       __imp_RtlLookupFunctionEntry 0000000180037030     kernel32:KERNEL32.dll
 0002:00000038       __imp_RtlVirtualUnwind     0000000180037038     kernel32:KERNEL32.dll
 0002:00000040       __imp_IsDebuggerPresent    0000000180037040     kernel32:KERNEL32.dll
 0002:00000048       __imp_SetUnhandledExceptionFilter 0000000180037048     kernel32:KERNEL32.dll
 0002:00000050       __imp_UnhandledExceptionFilter 0000000180037050     kernel32:KERNEL32.dll
 0002:00000058       __imp_GetCurrentProcess    0000000180037058     kernel32:KERNEL32.dll
 0002:00000060       __imp_TerminateProcess     0000000180037060     kernel32:KERNEL32.dll
 0002:00000068       __imp_Sleep                0000000180037068     kernel32:KERNEL32.dll
 0002:00000070       __imp_DecodePointer        0000000180037070     kernel32:KERNEL32.dll
 0002:00000078       __imp_EncodePointer        0000000180037078     kernel32:KERNEL32.dll
 0002:00000080       __imp_GetSystemTimeAsFileTime 0000000180037080     kernel32:KERNEL32.dll
 0002:00000088       \177KERNEL32_NULL_THUNK_DATA 0000000180037088     kernel32:KERNEL32.dll
 0002:00000090       __imp__onexit              0000000180037090     MSVCRT:MSVCR100.dll
 0002:00000098       __imp__lock                0000000180037098     MSVCRT:MSVCR100.dll
 0002:000000a0       __imp___dllonexit          00000001800370a0     MSVCRT:MSVCR100.dll
 0002:000000a8       __imp__unlock              00000001800370a8     MSVCRT:MSVCR100.dll
 0002:000000b0       __imp___clean_type_info_names_internal 00000001800370b0     MSVCRT:MSVCR100.dll
 0002:000000b8       __imp___crt_debugger_hook  00000001800370b8     MSVCRT:MSVCR100.dll
 0002:000000c0       __imp___CppXcptFilter      00000001800370c0     MSVCRT:MSVCR100.dll
 0002:000000c8       __imp___C_specific_handler 00000001800370c8     MSVCRT:MSVCR100.dll
 0002:000000d0       __imp__amsg_exit           00000001800370d0     MSVCRT:MSVCR100.dll
 0002:000000d8       __imp__encoded_null        00000001800370d8     MSVCRT:MSVCR100.dll
 0002:000000e0       __imp__initterm_e          00000001800370e0     MSVCRT:MSVCR100.dll
 0002:000000e8       __imp__initterm            00000001800370e8     MSVCRT:MSVCR100.dll
 0002:000000f0       __imp__malloc_crt          00000001800370f0     MSVCRT:MSVCR100.dll
 0002:000000f8       __imp_memcpy               00000001800370f8     MSVCRT:MSVCR100.dll
 0002:00000100       __imp_strcat               0000000180037100     MSVCRT:MSVCR100.dll
 0002:00000108       __imp_strlen               0000000180037108     MSVCRT:MSVCR100.dll
 0002:00000110       __imp_malloc               0000000180037110     MSVCRT:MSVCR100.dll
 0002:00000118       __imp_sprintf              0000000180037118     MSVCRT:MSVCR100.dll
 0002:00000120       __imp_free                 0000000180037120     MSVCRT:MSVCR100.dll
 0002:00000128       __imp_memset               0000000180037128     MSVCRT:MSVCR100.dll
 0002:00000130       __imp_strcmp               0000000180037130     MSVCRT:MSVCR100.dll
 0002:00000138       \177MSVCR100_NULL_THUNK_DATA 0000000180037138     MSVCRT:MSVCR100.dll
 0002:00000140       __imp_mexLock              0000000180037140     libmex:libmex.dll
 0002:00000148       __imp_mexErrMsgTxt         0000000180037148     libmex:libmex.dll
 0002:00000150       __imp_mexCallMATLABWithObject 0000000180037150     libmex:libmex.dll
 0002:00000158       __imp_mexWarnMsgTxt        0000000180037158     libmex:libmex.dll
 0002:00000160       __imp_mexIsLocked          0000000180037160     libmex:libmex.dll
 0002:00000168       __imp_mexUnlock            0000000180037168     libmex:libmex.dll
 0002:00000170       __imp_mexMakeArrayPersistent 0000000180037170     libmex:libmex.dll
 0002:00000178       \177libmex_NULL_THUNK_DATA 0000000180037178     libmex:libmex.dll
 0002:00000180       __imp_mxCalloc             0000000180037180     libmx:libmx.dll
 0002:00000188       __imp_mxGetM               0000000180037188     libmx:libmx.dll
 0002:00000190       __imp_mxGetN               0000000180037190     libmx:libmx.dll
 0002:00000198       __imp_mxIsComplex          0000000180037198     libmx:libmx.dll
 0002:000001a0       __imp_mxIsNumeric          00000001800371a0     libmx:libmx.dll
 0002:000001a8       __imp_mxGetClassID         00000001800371a8     libmx:libmx.dll
 0002:000001b0       __imp_mxCreateStructArray_730 00000001800371b0     libmx:libmx.dll
 0002:000001b8       __imp_mxCreateCellArray_730 00000001800371b8     libmx:libmx.dll
 0002:000001c0       __imp_mxCreateCellMatrix_730 00000001800371c0     libmx:libmx.dll
 0002:000001c8       __imp_mxCreateStructMatrix_730 00000001800371c8     libmx:libmx.dll
 0002:000001d0       __imp_mxCreateString       00000001800371d0     libmx:libmx.dll
 0002:000001d8       __imp_mxSetField_730       00000001800371d8     libmx:libmx.dll
 0002:000001e0       __imp_mxCreateDoubleScalar 00000001800371e0     libmx:libmx.dll
 0002:000001e8       __imp_mxDestroyArray       00000001800371e8     libmx:libmx.dll
 0002:000001f0       __imp_mxIsChar             00000001800371f0     libmx:libmx.dll
 0002:000001f8       __imp_mxGetString_730      00000001800371f8     libmx:libmx.dll
 0002:00000200       __imp_mxCreateDoubleMatrix_730 0000000180037200     libmx:libmx.dll
 0002:00000208       __imp_mxGetPr              0000000180037208     libmx:libmx.dll
 0002:00000210       __imp_mxGetScalar          0000000180037210     libmx:libmx.dll
 0002:00000218       __imp_mxDuplicateArray     0000000180037218     libmx:libmx.dll
 0002:00000220       \177libmx_NULL_THUNK_DATA  0000000180037220     libmx:libmx.dll
 0002:00000228       __imp_utMalloc             0000000180037228     libut:libut.dll
 0002:00000230       __imp_utFree               0000000180037230     libut:libut.dll
 0002:00000238       \177libut_NULL_THUNK_DATA  0000000180037238     libut:libut.dll
 0002:00000240       __imp_sf_clear_error_manager_info 0000000180037240     sf_runtime:sf_runtime.dll
 0002:00000248       __imp_sim_mode_is_rtw_gen  0000000180037248     sf_runtime:sf_runtime.dll
 0002:00000250       __imp_sf_debug_api         0000000180037250     sf_runtime:sf_runtime.dll
 0002:00000258       __imp_sf_get_ChartInfoStruct_CodeGen 0000000180037258     sf_runtime:sf_runtime.dll
 0002:00000260       __imp_sf_debug_create_debug_instance_struct 0000000180037260     sf_runtime:sf_runtime.dll
 0002:00000268       __imp_sf_debug_terminate   0000000180037268     sf_runtime:sf_runtime.dll
 0002:00000270       __imp_sf_clear_rtw_identifier 0000000180037270     sf_runtime:sf_runtime.dll
 0002:00000278       __imp_sf_free_ChartRunTimeInfo 0000000180037278     sf_runtime:sf_runtime.dll
 0002:00000280       __imp_sf_mex_duplicatearraysafe 0000000180037280     sf_runtime:sf_runtime.dll
 0002:00000288       __imp_sf_init_ChartRunTimeInfo 0000000180037288     sf_runtime:sf_runtime.dll
 0002:00000290       __imp_sf_debug_get_animation 0000000180037290     sf_runtime:sf_runtime.dll
 0002:00000298       __imp_sf_debug_set_animation 0000000180037298     sf_runtime:sf_runtime.dll
 0002:000002a0       __imp_sf_debug_set_honor_breakpoints 00000001800372a0     sf_runtime:sf_runtime.dll
 0002:000002a8       __imp_sf_debug_animate     00000001800372a8     sf_runtime:sf_runtime.dll
 0002:000002b0       __imp_sf_mex_getcell       00000001800372b0     sf_runtime:sf_runtime.dll
 0002:000002b8       __imp_call_sf_machine_global_method_dispatcher 00000001800372b8     sf_runtime:sf_runtime.dll
 0002:000002c0       __imp_sf_mex_setcell       00000001800372c0     sf_runtime:sf_runtime.dll
 0002:000002c8       __imp_sf_array_bounds_check 00000001800372c8     sf_runtime:sf_runtime.dll
 0002:000002d0       __imp_cv_eval_saturation   00000001800372d0     sf_runtime:sf_runtime.dll
 0002:000002d8       __imp_cv_eval_point        00000001800372d8     sf_runtime:sf_runtime.dll
 0002:000002e0       __imp_cv_eval_relational   00000001800372e0     sf_runtime:sf_runtime.dll
 0002:000002e8       __imp_sf_debug_symbol_scope_push 00000001800372e8     sf_runtime:sf_runtime.dll
 0002:000002f0       __imp_sf_debug_call        00000001800372f0     sf_runtime:sf_runtime.dll
 0002:000002f8       __imp_sf_debug_symbol_scope_pop 00000001800372f8     sf_runtime:sf_runtime.dll
 0002:00000300       __imp_sf_debug_check_for_state_inconsistency 0000000180037300     sf_runtime:sf_runtime.dll
 0002:00000308       __imp_sf_debug_set_instance_data_value_ptr 0000000180037308     sf_runtime:sf_runtime.dll
 0002:00000310       __imp_sf_is_first_init_cond 0000000180037310     sf_runtime:sf_runtime.dll
 0002:00000318       __imp_sf_get_time          0000000180037318     sf_runtime:sf_runtime.dll
 0002:00000320       __imp_sf_debug_data_range_wrapper 0000000180037320     sf_runtime:sf_runtime.dll
 0002:00000328       __imp_sf_get_output_port_reusable 0000000180037328     sf_runtime:sf_runtime.dll
 0002:00000330       __imp_sf_mex_import        0000000180037330     sf_runtime:sf_runtime.dll
 0002:00000338       __imp_sf_mex_dup           0000000180037338     sf_runtime:sf_runtime.dll
 0002:00000340       __imp_sf_set_compiledInfo  0000000180037340     sf_runtime:sf_runtime.dll
 0002:00000348       __imp_sf_mex_createcellmatrix 0000000180037348     sf_runtime:sf_runtime.dll
 0002:00000350       __imp_callMdlMethodAndReportError 0000000180037350     sf_runtime:sf_runtime.dll
 0002:00000358       __imp_sf_mex_destroy       0000000180037358     sf_runtime:sf_runtime.dll
 0002:00000360       __imp_sf_debug_initialize_chart 0000000180037360     sf_runtime:sf_runtime.dll
 0002:00000368       __imp_sf_debug_set_chart_disable_implicit_casting 0000000180037368     sf_runtime:sf_runtime.dll
 0002:00000370       __imp_sf_debug_set_chart_event_thresholds 0000000180037370     sf_runtime:sf_runtime.dll
 0002:00000378       __imp_sf_debug_set_chart_data_props 0000000180037378     sf_runtime:sf_runtime.dll
 0002:00000380       __imp_sf_debug_set_chart_state_info 0000000180037380     sf_runtime:sf_runtime.dll
 0002:00000388       __imp_sf_debug_set_chart_substate_count 0000000180037388     sf_runtime:sf_runtime.dll
 0002:00000390       __imp_sf_debug_set_chart_decomposition 0000000180037390     sf_runtime:sf_runtime.dll
 0002:00000398       __imp_sf_debug_set_chart_substate_index 0000000180037398     sf_runtime:sf_runtime.dll
 0002:000003a0       __imp_sf_debug_set_chart_state_substate_count 00000001800373a0     sf_runtime:sf_runtime.dll
 0002:000003a8       __imp_sf_debug_set_chart_state_substate_index 00000001800373a8     sf_runtime:sf_runtime.dll
 0002:000003b0       __imp_sf_debug_cv_init_chart 00000001800373b0     sf_runtime:sf_runtime.dll
 0002:000003b8       __imp_sf_debug_cv_init_state 00000001800373b8     sf_runtime:sf_runtime.dll
 0002:000003c0       __imp_sf_debug_cv_init_saturation 00000001800373c0     sf_runtime:sf_runtime.dll
 0002:000003c8       __imp_sf_debug_cv_init_trans 00000001800373c8     sf_runtime:sf_runtime.dll
 0002:000003d0       __imp_sf_debug_cv_init_relationalop 00000001800373d0     sf_runtime:sf_runtime.dll
 0002:000003d8       __imp_sf_debug_set_chart_data_compiled_props 00000001800373d8     sf_runtime:sf_runtime.dll
 0002:000003e0       __imp_sf_debug_reset_current_state_configuration 00000001800373e0     sf_runtime:sf_runtime.dll
 0002:000003e8       __imp_sf_mex_decode_encoded_mx_struct_array 00000001800373e8     sf_runtime:sf_runtime.dll
 0002:000003f0       __imp_ssGetInputPortSignal_wrapper 00000001800373f0     sf_runtime:sf_runtime.dll
 0002:000003f8       __imp_ssGetOutputPortSignal_wrapper 00000001800373f8     sf_runtime:sf_runtime.dll
 0002:00000400       __imp_sf_get_isEnhancedMooreMachine 0000000180037400     sf_runtime:sf_runtime.dll
 0002:00000408       __imp_sim_mode_is_external 0000000180037408     sf_runtime:sf_runtime.dll
 0002:00000410       __imp_sim_mode_is_modelref_sim 0000000180037410     sf_runtime:sf_runtime.dll
 0002:00000418       __imp_sf_is_chart_inlinable 0000000180037418     sf_runtime:sf_runtime.dll
 0002:00000420       __imp_sf_rtw_info_uint_prop 0000000180037420     sf_runtime:sf_runtime.dll
 0002:00000428       __imp_sf_set_chart_accesses_machine_info 0000000180037428     sf_runtime:sf_runtime.dll
 0002:00000430       __imp_sf_update_buildInfo  0000000180037430     sf_runtime:sf_runtime.dll
 0002:00000438       __imp_sf_mark_chart_expressionable_inputs 0000000180037438     sf_runtime:sf_runtime.dll
 0002:00000440       __imp_sf_mark_chart_reusable_outputs 0000000180037440     sf_runtime:sf_runtime.dll
 0002:00000448       __imp_sf_set_rtw_dwork_info 0000000180037448     sf_runtime:sf_runtime.dll
 0002:00000450       __imp_sf_get_chart_instance_ptr 0000000180037450     sf_runtime:sf_runtime.dll
 0002:00000458       __imp_sf_mex_error_message 0000000180037458     sf_runtime:sf_runtime.dll
 0002:00000460       __imp_sf_mex_create        0000000180037460     sf_runtime:sf_runtime.dll
 0002:00000468       __imp_sf_mex_assign        0000000180037468     sf_runtime:sf_runtime.dll
 0002:00000470       __imp_sf_load_rtw_optimization_info 0000000180037470     sf_runtime:sf_runtime.dll
 0002:00000478       __imp_sf_debug_initialize_machine 0000000180037478     sf_runtime:sf_runtime.dll
 0002:00000480       __imp_sf_debug_set_machine_event_thresholds 0000000180037480     sf_runtime:sf_runtime.dll
 0002:00000488       __imp_sf_mex_error_direct_call 0000000180037488     sf_runtime:sf_runtime.dll
 0002:00000490       __imp_sf_debug_set_machine_data_thresholds 0000000180037490     sf_runtime:sf_runtime.dll
 0002:00000498       \177sf_runtime_NULL_THUNK_DATA 0000000180037498     sf_runtime:sf_runtime.dll
 0002:000004a0       __xc_a                     00000001800374a0     MSVCRT:cinitexe.obj
 0002:000004a8       __xc_z                     00000001800374a8     MSVCRT:cinitexe.obj
 0002:000004b0       __xi_a                     00000001800374b0     MSVCRT:cinitexe.obj
 0002:000004c0       __xi_z                     00000001800374c0     MSVCRT:cinitexe.obj
 0002:000004d0       __real@41ee03e268c00000    00000001800374d0     gate_V32_2016a_Sim_sfun.obj
 0002:000004d8       __real@41e6aebdfac00000    00000001800374d8     gate_V32_2016a_Sim_sfun.obj
 0002:000004e0       __real@41e3542593000000    00000001800374e0     gate_V32_2016a_Sim_sfun.obj
 0002:000004e8       __real@41ee740040200000    00000001800374e8     gate_V32_2016a_Sim_sfun.obj
 0002:000004f0       __real@41db3d513f800000    00000001800374f0     gate_V32_2016a_Sim_sfun.obj
 0002:000004f8       __real@41e6571394200000    00000001800374f8     gate_V32_2016a_Sim_sfun.obj
 0002:00000500       __real@41d66bf944c00000    0000000180037500     gate_V32_2016a_Sim_sfun.obj
 0002:00000508       __real@41d2ac2ac1000000    0000000180037508     gate_V32_2016a_Sim_sfun.obj
 0002:00000510       __real@41e91687fc400000    0000000180037510     gate_V32_2016a_Sim_sfun.obj
 0002:00000518       __real@41e0e15a32000000    0000000180037518     gate_V32_2016a_Sim_sfun.obj
 0002:00000520       __real@41e461038f000000    0000000180037520     gate_V32_2016a_Sim_sfun.obj
 0002:00000528       __real@41bc457e17000000    0000000180037528     gate_V32_2016a_Sim_sfun.obj
 0002:00000530       __real@41e365e593200000    0000000180037530     c20_gate_V32_2016a_Sim.obj
 0002:00000538       __real@41c51b7e68800000    0000000180037538     c20_gate_V32_2016a_Sim.obj
 0002:00000540       __real@417c5f5f80000000    0000000180037540     c20_gate_V32_2016a_Sim.obj
 0002:00000548       __real@41e0e18123800000    0000000180037548     c20_gate_V32_2016a_Sim.obj
 0002:00000550       __real@401c000000000000    0000000180037550     c20_gate_V32_2016a_Sim.obj
 0002:00000558       __real@4018000000000000    0000000180037558     c20_gate_V32_2016a_Sim.obj
 0002:00000560       __real@4022000000000000    0000000180037560     c20_gate_V32_2016a_Sim.obj
 0002:00000568       __real@4014000000000000    0000000180037568     c20_gate_V32_2016a_Sim.obj
 0002:00000570       __real@3ff0000000000000    0000000180037570     c20_gate_V32_2016a_Sim.obj
 0002:00000578       __real@4008000000000000    0000000180037578     c20_gate_V32_2016a_Sim.obj
 0002:00000580       __real@4024000000000000    0000000180037580     c20_gate_V32_2016a_Sim.obj
 0002:00000590       DYNAMIC_DIMENSION_DEF      0000000180037590     gate_V32_2016a_Sim_sfun_registry.obj
 0002:000005b0       _ssBadLevel2InputAccessMsg 00000001800375b0     gate_V32_2016a_Sim_sfun_registry.obj
 0002:00000740       _ssBadLevel2DirectFeedMsg  0000000180037740     gate_V32_2016a_Sim_sfun_registry.obj
 0002:00000880       _ssBadLevel2DirectFeedSolutionMsg 0000000180037880     gate_V32_2016a_Sim_sfun_registry.obj
 0002:000008f0       _ssBadLevel2ZeroDirectFeedMsg 00000001800378f0     gate_V32_2016a_Sim_sfun_registry.obj
 0002:00000a30       _ssBadLevel2ZeroDirectFeedMsg2 0000000180037a30     gate_V32_2016a_Sim_sfun_registry.obj
 0002:00000b18       __real@0000000000000000    0000000180037b18     gate_V32_2016a_Sim_sfun_registry.obj
 0002:00000b20       __real@bff0000000000000    0000000180037b20     gate_V32_2016a_Sim_sfun_registry.obj
 0002:00000b28       __real@41602cbca0000000    0000000180037b28     gate_V32_2016a_Sim_sfun_registry.obj
 0002:00000b30       _pRawDllMain               0000000180037b30     MSVCRT:crtdll.obj
 0002:00000b30       _pDefaultRawDllMain        0000000180037b30     MSVCRT:crtdll.obj
 0002:00000b48       ?ProcessDetach@NativeDll@<CrtImplementationDetails>@@0IB 0000000180037b48     MSVCRT:tncleanup.obj
 0002:00000b4c       ?ProcessAttach@NativeDll@<CrtImplementationDetails>@@0IB 0000000180037b4c     MSVCRT:tncleanup.obj
 0002:00000b50       ?ThreadAttach@NativeDll@<CrtImplementationDetails>@@0IB 0000000180037b50     MSVCRT:tncleanup.obj
 0002:00000b54       ?ThreadDetach@NativeDll@<CrtImplementationDetails>@@0IB 0000000180037b54     MSVCRT:tncleanup.obj
 0002:00000b58       ?ProcessVerifier@NativeDll@<CrtImplementationDetails>@@0IB 0000000180037b58     MSVCRT:tncleanup.obj
 0002:00000b60       __rtc_iaa                  0000000180037b60     MSVCRT:_initsect_.obj
 0002:00000b68       __rtc_izz                  0000000180037b68     MSVCRT:_initsect_.obj
 0002:00000b70       __rtc_taa                  0000000180037b70     MSVCRT:_initsect_.obj
 0002:00000b78       __rtc_tzz                  0000000180037b78     MSVCRT:_initsect_.obj
 0002:000013a0       __IMPORT_DESCRIPTOR_sf_runtime 00000001800383a0     sf_runtime:sf_runtime.dll
 0002:000013b4       __IMPORT_DESCRIPTOR_libmx  00000001800383b4     libmx:libmx.dll
 0002:000013c8       __IMPORT_DESCRIPTOR_libmex 00000001800383c8     libmex:libmex.dll
 0002:000013dc       __IMPORT_DESCRIPTOR_libut  00000001800383dc     libut:libut.dll
 0002:000013f0       __IMPORT_DESCRIPTOR_MSVCR100 00000001800383f0     MSVCRT:MSVCR100.dll
 0002:00001404       __IMPORT_DESCRIPTOR_KERNEL32 0000000180038404     kernel32:KERNEL32.dll
 0002:00001418       __NULL_IMPORT_DESCRIPTOR   0000000180038418     sf_runtime:sf_runtime.dll
 0003:00002fe0       DYNAMIC_DIMENSION          000000018003cfe0     gate_V32_2016a_Sim_sfun_registry.obj
 0003:00003c78       __security_cookie          000000018003dc78     MSVCRT:gs_cookie.obj
 0003:00003c80       __security_cookie_complement 000000018003dc80     MSVCRT:gs_cookie.obj
 0003:00003c88       _fltused                   000000018003dc88     MSVCRT:dllsupp.obj
 0003:00003c90       __native_dllmain_reason    000000018003dc90     MSVCRT:natstart.obj
 0003:00003c94       __native_vcclrit_reason    000000018003dc94     MSVCRT:natstart.obj
 0003:00003f78       sfGlobalDebugInstanceStruct 000000018003df78     gate_V32_2016a_Sim_sfun_registry.obj
 0003:00004500       ?__type_info_root_node@@3U__type_info_node@@A 000000018003e500     MSVCRT:tncleanup.obj
 0003:00004510       _gate_V32_2016a_SimMachineNumber_ 000000018003e510     <common>
 0003:00004514       __native_startup_state     000000018003e514     <common>
 0003:00004518       __native_startup_lock      000000018003e518     <common>
 0003:00004520       __onexitend                000000018003e520     <common>
 0003:00004528       __onexitbegin              000000018003e528     <common>
 0003:00004530       __dyn_tls_init_callback    000000018003e530     <common>

 entry point at        0001:00035510

 Static symbols

 0001:000039f0       mdlProcessParameters_c20_gate_V32_2016a_Sim 00000001800049f0 f   c20_gate_V32_2016a_Sim.obj
 0001:00003ab0       initialize_params_c20_gate_V32_2016a_Sim 0000000180004ab0 f   c20_gate_V32_2016a_Sim.obj
 0001:00003ac0       mdlSetWorkWidths_c20_gate_V32_2016a_Sim 0000000180004ac0 f   c20_gate_V32_2016a_Sim.obj
 0001:00004480       sf_get_instance_specialization 0000000180005480 f   c20_gate_V32_2016a_Sim.obj
 0001:00004490       mdlStart_c20_gate_V32_2016a_Sim 0000000180005490 f   c20_gate_V32_2016a_Sim.obj
 0001:000046e0       mdl_start_c20_gate_V32_2016a_Sim 00000001800056e0 f   c20_gate_V32_2016a_Sim.obj
 0001:00004700       c20_init_sf_message_store_memory 0000000180005700 f   c20_gate_V32_2016a_Sim.obj
 0001:00004710       init_dsm_address_info      0000000180005710 f   c20_gate_V32_2016a_Sim.obj
 0001:00004720       init_simulink_io_address   0000000180005720 f   c20_gate_V32_2016a_Sim.obj
 0001:00004ae0       sf_get_sim_state_info_c20_gate_V32_2016a_Sim 0000000180005ae0 f   c20_gate_V32_2016a_Sim.obj
 0001:00004bd0       sf_opaque_get_hover_data_for_msg 0000000180005bd0 f   c20_gate_V32_2016a_Sim.obj
 0001:00004c00       sf_get_hover_data_for_msg  0000000180005c00 f   c20_gate_V32_2016a_Sim.obj
 0001:00004c20       chart_debug_initialization 0000000180005c20 f   c20_gate_V32_2016a_Sim.obj
 0001:0000c3a0       init_script_number_translation 000000018000d3a0 f   c20_gate_V32_2016a_Sim.obj
 0001:0000c3c0       c20_b_sf_marshallOut       000000018000d3c0 f   c20_gate_V32_2016a_Sim.obj
 0001:0000c470       c20_b_sf_marshallIn        000000018000d470 f   c20_gate_V32_2016a_Sim.obj
 0001:0000c520       c20_c_emlrt_marshallIn     000000018000d520 f   c20_gate_V32_2016a_Sim.obj
 0001:0000c5b0       c20_c_sf_marshallOut       000000018000d5b0 f   c20_gate_V32_2016a_Sim.obj
 0001:0000c660       c20_d_sf_marshallOut       000000018000d660 f   c20_gate_V32_2016a_Sim.obj
 0001:0000c770       c20_c_sf_marshallIn        000000018000d770 f   c20_gate_V32_2016a_Sim.obj
 0001:0000c870       c20_e_emlrt_marshallIn     000000018000d870 f   c20_gate_V32_2016a_Sim.obj
 0001:0000c950       c20_e_sf_marshallOut       000000018000d950 f   c20_gate_V32_2016a_Sim.obj
 0001:0000ca00       c20_d_sf_marshallIn        000000018000da00 f   c20_gate_V32_2016a_Sim.obj
 0001:0000cab0       c20_g_emlrt_marshallIn     000000018000dab0 f   c20_gate_V32_2016a_Sim.obj
 0001:0000cb40       c20_e_sf_marshallIn        000000018000db40 f   c20_gate_V32_2016a_Sim.obj
 0001:0000cbf0       c20_i_emlrt_marshallIn     000000018000dbf0 f   c20_gate_V32_2016a_Sim.obj
 0001:0000cc80       c20_f_sf_marshallOut       000000018000dc80 f   c20_gate_V32_2016a_Sim.obj
 0001:0000cd40       c20_g_sf_marshallOut       000000018000dd40 f   c20_gate_V32_2016a_Sim.obj
 0001:0000cdf0       c20_f_sf_marshallIn        000000018000ddf0 f   c20_gate_V32_2016a_Sim.obj
 0001:0000cea0       c20_k_emlrt_marshallIn     000000018000dea0 f   c20_gate_V32_2016a_Sim.obj
 0001:0000cf30       sf_opaque_initialize_c20_gate_V32_2016a_Sim 000000018000df30 f   c20_gate_V32_2016a_Sim.obj
 0001:0000cf70       initialize_c20_gate_V32_2016a_Sim 000000018000df70 f   c20_gate_V32_2016a_Sim.obj
 0001:0000df20       initSimStructsc20_gate_V32_2016a_Sim 000000018000ef20 f   c20_gate_V32_2016a_Sim.obj
 0001:0000df30       chart_debug_initialize_data_addresses 000000018000ef30 f   c20_gate_V32_2016a_Sim.obj
 0001:0000ec50       sf_opaque_enable_c20_gate_V32_2016a_Sim 000000018000fc50 f   c20_gate_V32_2016a_Sim.obj
 0001:0000ec70       enable_c20_gate_V32_2016a_Sim 000000018000fc70 f   c20_gate_V32_2016a_Sim.obj
 0001:0000eca0       sf_opaque_disable_c20_gate_V32_2016a_Sim 000000018000fca0 f   c20_gate_V32_2016a_Sim.obj
 0001:0000ecc0       disable_c20_gate_V32_2016a_Sim 000000018000fcc0 f   c20_gate_V32_2016a_Sim.obj
 0001:0000ecf0       sf_opaque_gateway_c20_gate_V32_2016a_Sim 000000018000fcf0 f   c20_gate_V32_2016a_Sim.obj
 0001:0000ed10       sf_gateway_c20_gate_V32_2016a_Sim 000000018000fd10 f   c20_gate_V32_2016a_Sim.obj
 0001:0000fbc0       c20_set_sim_state_side_effects_c20_gate_V32_2016a_Sim 0000000180010bc0 f   c20_gate_V32_2016a_Sim.obj
 0001:00010060       c20_chartstep_c20_gate_V32_2016a_Sim 0000000180011060 f   c20_gate_V32_2016a_Sim.obj
 0001:00012340       c20_opening                0000000180013340 f   c20_gate_V32_2016a_Sim.obj
 0001:000158c0       c20_exit_internal_opening  00000001800168c0 f   c20_gate_V32_2016a_Sim.obj
 0001:00015bf0       c20_enter_atomic_init      0000000180016bf0 f   c20_gate_V32_2016a_Sim.obj
 0001:00015fa0       c20_init                   0000000180016fa0 f   c20_gate_V32_2016a_Sim.obj
 0001:0001ad20       c20_exit_internal_init     000000018001bd20 f   c20_gate_V32_2016a_Sim.obj
 0001:0001b160       c20_exit_internal_AssignPass 000000018001c160 f   c20_gate_V32_2016a_Sim.obj
 0001:0001b590       c20_enter_atomic_closed    000000018001c590 f   c20_gate_V32_2016a_Sim.obj
 0001:0001b930       c20_closed                 000000018001c930 f   c20_gate_V32_2016a_Sim.obj
 0001:0001e9d0       c20_exit_internal_closed   000000018001f9d0 f   c20_gate_V32_2016a_Sim.obj
 0001:0001ee10       c20_KpPassHandler          000000018001fe10 f   c20_gate_V32_2016a_Sim.obj
 0001:00024da0       c20_exit_internal_KpPassHandler 0000000180025da0 f   c20_gate_V32_2016a_Sim.obj
 0001:00025380       c20_verifyPass             0000000180026380 f   c20_gate_V32_2016a_Sim.obj
 0001:00026450       c20_closing                0000000180027450 f   c20_gate_V32_2016a_Sim.obj
 0001:000291f0       c20_exit_internal_closing  000000018002a1f0 f   c20_gate_V32_2016a_Sim.obj
 0001:00029520       c20_exit_internal_open     000000018002a520 f   c20_gate_V32_2016a_Sim.obj
 0001:00029850       sf_opaque_get_sim_state_c20_gate_V32_2016a_Sim 000000018002a850 f   c20_gate_V32_2016a_Sim.obj
 0001:00029880       get_sim_state_c20_gate_V32_2016a_Sim 000000018002a880 f   c20_gate_V32_2016a_Sim.obj
 0001:0002ace0       sf_opaque_set_sim_state_c20_gate_V32_2016a_Sim 000000018002bce0 f   c20_gate_V32_2016a_Sim.obj
 0001:0002ad10       set_sim_state_c20_gate_V32_2016a_Sim 000000018002bd10 f   c20_gate_V32_2016a_Sim.obj
 0001:0002b610       c20_update_debugger_state_c20_gate_V32_2016a_Sim 000000018002c610 f   c20_gate_V32_2016a_Sim.obj
 0001:0002d4e0       c20_b_emlrt_marshallIn     000000018002e4e0 f   c20_gate_V32_2016a_Sim.obj
 0001:0002d550       c20_d_emlrt_marshallIn     000000018002e550 f   c20_gate_V32_2016a_Sim.obj
 0001:0002d5c0       c20_f_emlrt_marshallIn     000000018002e5c0 f   c20_gate_V32_2016a_Sim.obj
 0001:0002d630       c20_h_emlrt_marshallIn     000000018002e630 f   c20_gate_V32_2016a_Sim.obj
 0001:0002d6a0       c20_j_emlrt_marshallIn     000000018002e6a0 f   c20_gate_V32_2016a_Sim.obj
 0001:0002d710       c20_l_emlrt_marshallIn     000000018002e710 f   c20_gate_V32_2016a_Sim.obj
 0001:0002d7a0       c20_m_emlrt_marshallIn     000000018002e7a0 f   c20_gate_V32_2016a_Sim.obj
 0001:0002d800       sf_opaque_terminate_c20_gate_V32_2016a_Sim 000000018002e800 f   c20_gate_V32_2016a_Sim.obj
 0001:0002d8a0       finalize_c20_gate_V32_2016a_Sim 000000018002e8a0 f   c20_gate_V32_2016a_Sim.obj
 0001:0002d8d0       mdlRTW_c20_gate_V32_2016a_Sim 000000018002e8d0 f   c20_gate_V32_2016a_Sim.obj
 0001:000303f0       _ssFatalError              00000001800313f0 f   gate_V32_2016a_Sim_sfun_registry.obj
 0001:000337d0       ProcessMexSfunctionCmdLineCall 00000001800347d0 f   gate_V32_2016a_Sim_sfun_registry.obj
 0001:00033930       sf_debug_api_wrapper       0000000180034930 f   gate_V32_2016a_Sim_sfun_registry.obj
 0001:00033980       mdlStart                   0000000180034980 f   gate_V32_2016a_Sim_sfun_registry.obj
 0001:000339b0       mdl_start_processing       00000001800349b0 f   gate_V32_2016a_Sim_sfun_registry.obj
 0001:00033a60       mdlTerminate               0000000180034a60 f   gate_V32_2016a_Sim_sfun_registry.obj
 0001:00033a90       mdl_terminate_processing   0000000180034a90 f   gate_V32_2016a_Sim_sfun_registry.obj
 0001:00033b10       mdlInitializeSampleTimes   0000000180034b10 f   gate_V32_2016a_Sim_sfun_registry.obj
 0001:00033b40       mdlZeroCrossings           0000000180034b40 f   gate_V32_2016a_Sim_sfun_registry.obj
 0001:00033b70       mdl_zeroCrossings_processing 0000000180034b70 f   gate_V32_2016a_Sim_sfun_registry.obj
 0001:00033bb0       mdlDerivatives             0000000180034bb0 f   gate_V32_2016a_Sim_sfun_registry.obj
 0001:00033be0       mdl_derivatives_processing 0000000180034be0 f   gate_V32_2016a_Sim_sfun_registry.obj
 0001:00033c30       mdlInitializeConditions    0000000180034c30 f   gate_V32_2016a_Sim_sfun_registry.obj
 0001:00033c60       mdl_initialize_conditions_processing 0000000180034c60 f   gate_V32_2016a_Sim_sfun_registry.obj
 0001:00033cb0       mdlEnable                  0000000180034cb0 f   gate_V32_2016a_Sim_sfun_registry.obj
 0001:00033ce0       mdl_enable_processing      0000000180034ce0 f   gate_V32_2016a_Sim_sfun_registry.obj
 0001:00033d20       mdlDisable                 0000000180034d20 f   gate_V32_2016a_Sim_sfun_registry.obj
 0001:00033d50       mdl_disable_processing     0000000180034d50 f   gate_V32_2016a_Sim_sfun_registry.obj
 0001:00033d90       mdlOutputs                 0000000180034d90 f   gate_V32_2016a_Sim_sfun_registry.obj
 0001:00033dc0       mdl_outputs_processing     0000000180034dc0 f   gate_V32_2016a_Sim_sfun_registry.obj
 0001:00033ed0       mdl_outputs_continuous_legacy 0000000180034ed0 f   gate_V32_2016a_Sim_sfun_registry.obj
 0001:00033fc0       mdlUpdate                  0000000180034fc0 f   gate_V32_2016a_Sim_sfun_registry.obj
 0001:00033ff0       mdl_update_processing      0000000180034ff0 f   gate_V32_2016a_Sim_sfun_registry.obj
 0001:00034040       mdlGetTimeOfNextVarHit     0000000180035040 f   gate_V32_2016a_Sim_sfun_registry.obj
 0001:00034090       _ProcessMexSfunctionCmdLineCall 0000000180035090 f   gate_V32_2016a_Sim_sfun_registry.obj
 0001:000347f0       mdlSetWorkWidths           00000001800357f0 f   gate_V32_2016a_Sim_sfun_registry.obj
 0001:00034820       mdlProcessParameters       0000000180035820 f   gate_V32_2016a_Sim_sfun_registry.obj
 0001:00034850       mdlInitializeSizes         0000000180035850 f   gate_V32_2016a_Sim_sfun_registry.obj
 0001:00034880       mdlExtModeExec             0000000180035880 f   gate_V32_2016a_Sim_sfun_registry.obj
 0001:000348b0       mdl_ext_mode_exec_processing 00000001800358b0 f   gate_V32_2016a_Sim_sfun_registry.obj
 0001:000348f0       mdlRTW                     00000001800358f0 f   gate_V32_2016a_Sim_sfun_registry.obj
 0001:00034930       _CreateSimStruct           0000000180035930 f   gate_V32_2016a_Sim_sfun_registry.obj
 0001:00034b20       _RegNumInputPortsCB        0000000180035b20 f   gate_V32_2016a_Sim_sfun_registry.obj
 0001:00034ba0       _RegNumOutputPortsCB       0000000180035ba0 f   gate_V32_2016a_Sim_sfun_registry.obj
 0001:00035118       pre_c_init                 0000000180036118 f   MSVCRT:crtdll.obj
 0001:000353d4       __DllMainCRTStartup        00000001800363d4 f   MSVCRT:crtdll.obj
 0001:00035a40       __DllMainCRTStartup$filt$0 0000000180036a40 f   MSVCRT:crtdll.obj
 0001:00035a70       __DllMainCRTStartup$fin$1  0000000180036a70 f   MSVCRT:crtdll.obj
 0001:00035a8a       _onexit$fin$0              0000000180036a8a f   MSVCRT:atonexit.obj
 0001:00035ab0       _IsNonwritableInCurrentImage$filt$0 0000000180036ab0 f   MSVCRT:pesect.obj
